../Core/Src/main.c:86:6:blue_button_clicked	8	static
../Core/Src/main.c:91:6:HAL_GPIO_EXTI_Callback	16	static
../Core/Src/main.c:99:6:TransmitByte	16	static
../Core/Src/main.c:104:6:TransmitMessage	16	static
../Core/Src/main.c:109:6:HAL_UART_RxCpltCallback	24	static,ignoring_inline_asm
../Core/Src/main.c:141:5:main	8	static
../Core/Src/main.c:232:6:SystemClock_Config	88	static
../Core/Src/main.c:280:13:MX_I2C1_Init	8	static
../Core/Src/main.c:314:13:MX_USART2_UART_Init	8	static
../Core/Src/main.c:345:13:MX_DMA_Init	16	static
../Core/Src/main.c:363:13:MX_GPIO_Init	48	static
../Core/Src/main.c:410:6:heartbeatTask	16	static
../Core/Src/main.c:432:6:RX_decode_msg	24	static
../Core/Src/main.c:460:6:HAL_TIM_PeriodElapsedCallback	16	static
../Core/Src/main.c:477:6:Error_Handler	4	static,ignoring_inline_asm
