../Core/Src/main.c:86:6:blue_button_clicked	1
../Core/Src/main.c:91:6:HAL_GPIO_EXTI_Callback	2
../Core/Src/main.c:99:6:TransmitByte	1
../Core/Src/main.c:104:6:TransmitMessage	1
../Core/Src/main.c:109:6:HAL_UART_RxCpltCallback	3
../Core/Src/main.c:141:5:main	1
../Core/Src/main.c:232:6:SystemClock_Config	3
../Core/Src/main.c:280:13:MX_I2C1_Init	2
../Core/Src/main.c:314:13:MX_USART2_UART_Init	2
../Core/Src/main.c:345:13:MX_DMA_Init	1
../Core/Src/main.c:363:13:MX_GPIO_Init	1
../Core/Src/main.c:410:6:heartbeatTask	1
../Core/Src/main.c:432:6:RX_decode_msg	2
../Core/Src/main.c:460:6:HAL_TIM_PeriodElapsedCallback	2
../Core/Src/main.c:477:6:Error_Handler	1
