../Core/Src/main.c:101:6:blue_button_clicked	8	static
../Core/Src/main.c:106:6:HAL_GPIO_EXTI_Callback	16	static
../Core/Src/main.c:114:6:HAL_UART_RxCpltCallback	16	static
../Core/Src/main.c:133:5:main	8	static
../Core/Src/main.c:230:6:SystemClock_Config	88	static
../Core/Src/main.c:278:13:MX_I2C1_Init	8	static
../Core/Src/main.c:312:13:MX_USART2_UART_Init	8	static
../Core/Src/main.c:343:13:MX_DMA_Init	16	static
../Core/Src/main.c:361:13:MX_GPIO_Init	48	static
../Core/Src/main.c:408:6:StartDefaultTask	16	static
../Core/Src/main.c:430:6:StartTask02	16	static
../Core/Src/main.c:448:6:StartTask03	16	static
../Core/Src/main.c:467:6:HAL_TIM_PeriodElapsedCallback	16	static
../Core/Src/main.c:484:6:Error_Handler	4	static,ignoring_inline_asm
