../Core/Src/main.c:100:6:writeServoVal	1
../Core/Src/main.c:106:6:blue_button_clicked	1
../Core/Src/main.c:112:6:HAL_GPIO_EXTI_Callback	2
../Core/Src/main.c:120:6:TransmitByte	1
../Core/Src/main.c:125:6:TransmitMessage	1
../Core/Src/main.c:130:6:HAL_UART_RxCpltCallback	3
../Core/Src/main.c:164:5:main	1
../Core/Src/main.c:263:6:SystemClock_Config	3
../Core/Src/main.c:311:13:MX_I2C2_Init	2
../Core/Src/main.c:346:13:MX_USART2_UART_Init	2
../Core/Src/main.c:377:13:MX_DMA_Init	1
../Core/Src/main.c:395:13:MX_GPIO_Init	1
../Core/Src/main.c:442:6:heartbeatTask	1
../Core/Src/main.c:469:6:RX_decode_msg	2
../Core/Src/main.c:497:6:HAL_TIM_PeriodElapsedCallback	2
../Core/Src/main.c:514:6:Error_Handler	1
